// Jest Snapshot v1, https://goo.gl/fbAQLP

exports[`Test Home page should renders Home page 1`] = `
<nav
  className="navBar"
>
  <span>
    <h2
      className="logo"
    >
      Math Magicians
    </h2>
  </span>
  <ul>
    <li>
      <a
        aria-current="page"
        className="active-link active"
        href="/"
        onClick={[Function]}
      >
        Home
      </a>
    </li>
    <li>
      <a
        className="active-link"
        href="/calculator"
        onClick={[Function]}
      >
        Calculator
      </a>
    </li>
    <li>
      <a
        className="active-link"
        href="/quote"
        onClick={[Function]}
      >
        Quote
      </a>
    </li>
  </ul>
</nav>
`;
