// Jest Snapshot v1, https://goo.gl/fbAQLP

exports[`Test Quote component should renders Quote component 1`] = `
<div
  className="quote-page"
>
  <p
    className="quote"
  >
    Mathematics is not about numbers, equations, computations, or algorithms: it is about understanding. -William Paul Thurston
  </p>
</div>
`;
